
> prebuild
> node scripts/notices.mjs


> build
> vite build

vite v8.3.2 building client environment for production...
transforming...
✓ 2462 modules transformed.
rendering chunks...
computing gzip size...
dist/index.html                                     2.29 kB │ gzip:   0.83 kB
dist/assets/Compare-BliBTWxi.css                    0.52 kB │ gzip:   0.26 kB
dist/assets/ExportPreview-Dyj1I9iD.css              1.79 kB │ gzip:   0.65 kB
dist/assets/CompanyQuery-C9pcdPSW.css               2.91 kB │ gzip:   0.93 kB
dist/assets/NewReview-DnOnyVnj.css                  3.07 kB │ gzip:   0.96 kB
dist/assets/ResearchLibrary-WtjbVJRY.css            3.15 kB │ gzip:   0.93 kB
dist/assets/Report-CdzK1H84.css                     5.75 kB │ gzip:   1.48 kB
dist/assets/CompanyAssistant-COY_3KX7.css           6.55 kB │ gzip:   1.68 kB
dist/assets/DocumentLayout-CJ8J58Kd.css             7.74 kB │ gzip:   1.94 kB
dist/assets/ReviewContext-AoYozkkP.css              9.87 kB │ gzip:   2.31 kB
dist/assets/Auth-B-SiJm26.css                      11.15 kB │ gzip:   2.77 kB
dist/assets/review-pages-Cc-XX_sj.css              11.20 kB │ gzip:   2.44 kB
dist/assets/StartInput-CCsV31tF.css                16.31 kB │ gzip:   3.51 kB
dist/assets/CompanyAgent-8m0xC9Z8.css              16.97 kB │ gzip:   3.29 kB
dist/assets/Decisions-DUt-BMCu.css                 19.23 kB │ gzip:   3.89 kB
dist/assets/company-review-DFvgg5O0.css            24.77 kB │ gzip:   4.64 kB
dist/assets/CompanyWorkspace-DoXLfpiO.css          39.61 kB │ gzip:   6.77 kB
dist/assets/index-CdKRMoPU.css                     95.99 kB │ gzip:  17.89 kB
dist/assets/minus-DOvLuKiE.js                       0.14 kB │ gzip:   0.15 kB
dist/assets/chevron-right-Bz-GE7ou.js               0.16 kB │ gzip:   0.15 kB
dist/assets/arrow-left-7DSH8-u2.js                  0.19 kB │ gzip:   0.18 kB
dist/assets/arrow-up-right-COLpndWB.js              0.19 kB │ gzip:   0.17 kB
dist/assets/search-DstjwCq1.js                      0.20 kB │ gzip:   0.18 kB
dist/assets/rotate-ccw-BkfAvYZh.js                  0.23 kB │ gzip:   0.20 kB
dist/assets/info-C9Ui-2Ih.js                        0.23 kB │ gzip:   0.19 kB
dist/assets/circle-check-BPr-LLeN.js                0.24 kB │ gzip:   0.20 kB
dist/assets/mail-za7VOEjl.js                        0.24 kB │ gzip:   0.21 kB
dist/assets/copy-0EeKh0SI.js                        0.26 kB │ gzip:   0.22 kB
dist/assets/eye-kmuEUHIC.js                         0.28 kB │ gzip:   0.22 kB
dist/assets/chevron-down-IKlR9xWp.js                0.29 kB │ gzip:   0.22 kB
dist/assets/x-B4c9-tyy.js                           0.32 kB │ gzip:   0.23 kB
dist/assets/flask-conical-Bj2by0N5.js               0.33 kB │ gzip:   0.24 kB
dist/assets/shield-check-DMpSG2JP.js                0.35 kB │ gzip:   0.26 kB
dist/assets/trash-Ciqy9aXx.js                       0.37 kB │ gzip:   0.24 kB
dist/assets/file-text-Cy054J1Y.js                   0.41 kB │ gzip:   0.26 kB
dist/assets/building-complex-BcZ7lHzE.js            0.44 kB │ gzip:   0.27 kB
dist/assets/company-workspace-ktLSvnny.js           0.91 kB │ gzip:   0.57 kB
dist/assets/product-terms-BlJiYtzf.js               1.14 kB │ gzip:   0.58 kB
dist/assets/preload-helper-DjzSQ1t3.js              1.38 kB │ gzip:   0.75 kB
dist/assets/useFileDrop-Dqi6-Wtb.js                 1.59 kB │ gzip:   0.74 kB
dist/assets/document-navigation-DjX5kdQ9.js         1.61 kB │ gzip:   0.87 kB
dist/assets/start-intent-CzBozksd.js                2.55 kB │ gzip:   1.44 kB
dist/assets/format-CZgzDIGQ.js                      2.91 kB │ gzip:   1.51 kB
dist/assets/DocsHome-tZgP1xJy.js                    3.42 kB │ gzip:   1.56 kB
dist/assets/Home-C7aBDYFb.js                        3.50 kB │ gzip:   1.64 kB
dist/assets/report-currency-view-XD7HUBCt.js        3.62 kB │ gzip:   1.74 kB
dist/assets/DocumentLayout-C_pncz0T.js              3.74 kB │ gzip:   1.47 kB
dist/assets/ExportPreview-Cky75MQV.js               5.41 kB │ gzip:   2.69 kB
dist/assets/ResearchLibrary-uk0RH-tH.js             6.14 kB │ gzip:   2.46 kB
dist/assets/Workspace-DETkpCUd.js                   6.20 kB │ gzip:   2.55 kB
dist/assets/DialogTitle-BQMPbZkb.js                 6.30 kB │ gzip:   2.51 kB
dist/assets/CompanyQuery-B_p25Wfh.js                6.52 kB │ gzip:   2.71 kB
dist/assets/CompanyAssistant-DcwSeaR7.js           10.39 kB │ gzip:   4.17 kB
dist/assets/CashScenarioPreview-C8X2CXRa.js        11.80 kB │ gzip:   4.70 kB
dist/assets/context-BPMAsxku.js                    12.10 kB │ gzip:   4.75 kB
dist/assets/api-BR0HedSP.js                        13.10 kB │ gzip:   4.90 kB
dist/assets/Compare-wsniBN1R.js                    14.25 kB │ gzip:   4.87 kB
dist/assets/StartInput-36ZGGAIK.js                 15.33 kB │ gzip:   6.26 kB
dist/assets/Select-yE98D9jN.js                     29.13 kB │ gzip:  10.32 kB
dist/assets/NewReview-CBTV50QK.js                  33.02 kB │ gzip:  10.40 kB
dist/assets/MenuTrigger-DvMD9c53.js                34.25 kB │ gzip:  11.48 kB
dist/assets/ReviewContext-Bcij69lH.js              34.86 kB │ gzip:  12.66 kB
dist/assets/company-assessment-CKmyYSFF.js         35.43 kB │ gzip:  14.69 kB
dist/assets/CompanyAgent-DyGZNGQf.js               36.29 kB │ gzip:  11.20 kB
dist/assets/company-review-XzyC-dKW.js             39.79 kB │ gzip:  14.07 kB
dist/assets/components-BetCdj3Y.js                 59.98 kB │ gzip:  23.16 kB
dist/assets/Report-CPsQyLb1.js                     69.17 kB │ gzip:  22.42 kB
dist/assets/getPseudoElementBounds-Oiy61ukO.js     98.82 kB │ gzip:  35.00 kB
dist/assets/Auth-gotdADuk.js                      115.22 kB │ gzip:  39.27 kB
dist/assets/Decisions-UEpN_wBu.js                 116.02 kB │ gzip:  37.53 kB
dist/assets/Documentation-0vxQ8AMw.js             149.75 kB │ gzip:  57.16 kB
dist/assets/CompanyWorkspace-BzlDlIlT.js          161.47 kB │ gzip:  49.13 kB
dist/assets/index-BHuL10DD.js                     255.89 kB │ gzip:  81.20 kB
dist/assets/password-strength-COZa0p6y.js       1,661.10 kB │ gzip: 847.81 kB

[plugin builtin:vite-reporter] 
(!) Some chunks are larger than 500 kB after minification. Consider:
- Using dynamic import() to code-split the application
- Use build.rolldownOptions.output.codeSplitting to improve chunking: https://rolldown.rs/reference/OutputOptions.codeSplitting
- Adjust chunk size limit for this warning via build.chunkSizeWarningLimit.
✓ built in 1.16s
