
  VITE v8.3.2  ready in 142 ms

  ➜  Local:   http://127.0.0.1:5403/
5:55:20 AM [vite] (client) page reload docs/competitive-research/evidence/wealth/learning-harness.html
5:55:41 AM [vite] (client) page reload docs/competitive-research/evidence/hermes/source-trust-fixture.html
5:56:08 AM [vite] (client) page reload docs/competitive-research/evidence/mingcha/framework-preview.html
5:56:26 AM [vite] (client) page reload docs/competitive-research/evidence/hermes/source-trust-fixture.html
5:59:30 AM [vite] (client) page reload docs/competitive-research/evidence/wealth/learning-harness.html
5:59:32 AM [vite] (client) hmr update /docs/competitive-research/evidence/jianwei/boundary-harness.tsx
6:00:19 AM [vite] (client) page reload docs/competitive-research/evidence/jianwei/boundary-harness.html
6:00:19 AM [vite] (client) hmr update /docs/competitive-research/evidence/jianwei/boundary-harness.tsx
6:00:27 AM [vite] (client) page reload docs/competitive-research/evidence/prispect-after/export-report.html
6:00:27 AM [vite] (client) page reload docs/competitive-research/evidence/prispect-after/export-report.html
6:00:28 AM [vite] (client) page reload docs/competitive-research/evidence/prispect-after/export-decision.html
6:00:28 AM [vite] (client) page reload docs/competitive-research/evidence/prispect-after/export-decision.html
6:00:28 AM [vite] (client) page reload docs/competitive-research/evidence/prispect-after/export-injection-fixture.html
6:00:28 AM [vite] (client) page reload docs/competitive-research/evidence/prispect-after/export-injection-fixture.html
6:01:47 AM [vite] (client) page reload docs/competitive-research/evidence/hermes/source-trust-fixture.html
6:04:42 AM [vite] (client) page reload docs/competitive-research/evidence/mingcha/report-controls-preview.html
6:07:29 AM [vite] (client) page reload docs/competitive-research/evidence/prispect-after/export-cash-handover.html
6:07:29 AM [vite] (client) page reload docs/competitive-research/evidence/prispect-after/export-cash-unknown-date.html
6:07:43 AM [vite] (client) page reload docs/competitive-research/design/prototype.html
6:08:49 AM [vite] (client) page reload docs/competitive-research/evidence/prispect-after/export-report.html
6:08:50 AM [vite] (client) page reload docs/competitive-research/evidence/prispect-after/export-decision.html
6:08:51 AM [vite] (client) page reload docs/competitive-research/evidence/prispect-after/export-injection-fixture.html
