? Verifying lockfile against supply-chain policies (189 entries)...
Lockfile is up to date, resolution step is skipped
Progress: resolved 1, reused 0, downloaded 0, added 0
Packages: +139
++++++++++++++++++++++++++++++++++++++++++++++++++++++++++++++++++++++++++++++++

   ╭─────────────────────────────────────────╮
   │                                         │
   │   Update available! 11.19.0 → 12.8.1.   │
   │   Changelog: https://pnpm.io/v/12.8.1   │
   │    To update, run: pnpm add -g pnpm     │
   │                                         │
   ╰─────────────────────────────────────────╯

Packages are hard linked from the content-addressable store to the virtual store.
  Content-addressable store is at: /home/agent/.local/share/pnpm/store/v11
  Virtual store is at:             node_modules/.pnpm
Progress: resolved 139, reused 0, downloaded 37, added 20
Progress: resolved 139, reused 0, downloaded 127, added 127
Progress: resolved 139, reused 0, downloaded 139, added 139, done
✓ Lockfile passes supply-chain policies (189 entries in 3.1s)
.../esbuild@0.25.12/node_modules/esbuild postinstall$ node install.js
.../esbuild@0.25.12/node_modules/esbuild postinstall: Done

dependencies:
+ echarts 5.6.0
+ echarts-for-react 3.0.6
+ react 19.3.0
+ react-dom 19.3.0

devDependencies:
+ @testing-library/react 16.3.3
+ @types/react 19.3.0
+ @types/react-dom 19.3.0
+ @vitejs/plugin-react 4.7.0
+ jsdom 30.1.1
+ typescript 5.9.3
+ vite 6.4.3
+ vitest 5.0.3

Done in 3.8s using pnpm v11.19.0
